<?xml version="1.0" encoding="utf-8"?><testsuites><testsuite name="pytest" errors="0" failures="0" skipped="0" tests="72" time="12.665" timestamp="2025-10-18T20:58:06.279971-03:00" hostname="Kreation"><testcase classname="tests.test_app_happy_paths" name="test_index_lists_books" time="0.301" /><testcase classname="tests.test_app_happy_paths" name="test_add_to_cart_and_view" time="0.010" /><testcase classname="tests.test_app_happy_paths" name="test_checkout_success_with_discount" time="0.111" /><testcase classname="tests.test_auth_and_profile" name="test_login_logout_cycle" time="0.007" /><testcase classname="tests.test_auth_and_profile" name="test_register_requires_name_and_then_login" time="0.020" /><testcase classname="tests.test_comprehensive_coverage" name="test_book_not_found_in_add_to_cart" time="0.005" /><testcase classname="tests.test_comprehensive_coverage" name="test_remove_from_cart_route" time="0.008" /><testcase classname="tests.test_comprehensive_coverage" name="test_clear_cart_route" time="0.012" /><testcase classname="tests.test_comprehensive_coverage" name="test_checkout_with_empty_cart" time="0.004" /><testcase classname="tests.test_comprehensive_coverage" name="test_process_checkout_with_empty_cart_direct" time="0.004" /><testcase classname="tests.test_comprehensive_coverage" name="test_checkout_with_welcome20_discount" time="0.004" /><testcase classname="tests.test_comprehensive_coverage" name="test_checkout_missing_required_fields" time="0.003" /><testcase classname="tests.test_comprehensive_coverage" name="test_checkout_missing_credit_card_details" time="0.003" /><testcase classname="tests.test_comprehensive_coverage" name="test_login_required_decorator_account_access" time="0.003" /><testcase classname="tests.test_comprehensive_coverage" name="test_update_profile_name_and_address" time="0.004" /><testcase classname="tests.test_comprehensive_coverage" name="test_update_profile_with_password_change" time="0.005" /><testcase classname="tests.test_comprehensive_coverage" name="test_case_sensitive_email_registration" time="0.003" /><testcase classname="tests.test_comprehensive_coverage" name="test_case_sensitive_discount_code" time="0.124" /><testcase classname="tests.test_comprehensive_coverage" name="test_payment_failure_scenario" time="0.007" /><testcase classname="tests.test_comprehensive_coverage" name="test_successful_order_creates_confirmation" time="0.107" /><testcase classname="tests.test_comprehensive_coverage" name="test_order_confirmation_page_display" time="0.109" /><testcase classname="tests.test_edge_cases" name="test_invalid_login_rejected" time="0.003" /><testcase classname="tests.test_edge_cases" name="test_quantity_edge_cases_title_based" time="0.012" /><testcase classname="tests.test_edge_cases" name="test_empty_cart_checkout_blocked_or_redirects" time="0.105" /><testcase classname="tests.test_edge_cases" name="test_invalid_discount_code_during_checkout" time="0.107" /><testcase classname="tests.test_edge_current_behavior" name="test_checkout_failure_when_card_declines" time="0.007" /><testcase classname="tests.test_edge_current_behavior" name="test_update_cart_zero_quantity_current_behavior" time="0.009" /><testcase classname="tests.test_imports" name="test_app_imports" time="0.001" /><testcase classname="tests.test_imports" name="test_models_imports" time="0.000" /><testcase classname="tests.test_performance_benchmarks" name="test_benchmark_homepage_load" time="1.463" /><testcase classname="tests.test_performance_benchmarks" name="test_benchmark_add_to_cart_operation" time="0.724" /><testcase classname="tests.test_performance_benchmarks" name="test_benchmark_cart_view_performance" time="0.652" /><testcase classname="tests.test_performance_benchmarks" name="test_benchmark_checkout_processing" time="1.295" /><testcase classname="tests.test_performance_benchmarks" name="test_benchmark_cart_total_calculation" time="0.248" /><testcase classname="tests.test_performance_benchmarks" name="test_benchmark_registration_performance" time="0.789" /><testcase classname="tests.test_performance_benchmarks" name="test_benchmark_login_performance" time="0.953" /><testcase classname="tests.test_performance_benchmarks" name="test_benchmark_cart_update_operations" time="0.800" /><testcase classname="tests.test_performance_benchmarks" name="test_benchmark_cart_scaling[1]" time="0.786" /><testcase classname="tests.test_performance_benchmarks" name="test_benchmark_cart_scaling[5]" time="0.953" /><testcase classname="tests.test_performance_benchmarks" name="test_benchmark_cart_scaling[10]" time="1.037" /><testcase classname="tests.test_performance_benchmarks" name="test_benchmark_discount_code_validation" time="1.287" /><testcase classname="tests.test_routes_and_flows" name="test_homepage_lists_books" time="0.003" /><testcase classname="tests.test_routes_and_flows" name="test_login_logout_cycle" time="0.009" /><testcase classname="tests.test_routes_and_flows" name="test_register_then_login" time="0.011" /><testcase classname="tests.test_routes_and_flows" name="test_cart_add_update_remove_flow" time="0.006" /><testcase classname="tests.test_routes_and_flows" name="test_discount_codes_and_checkout" time="0.105" /><testcase classname="tests.test_security_and_validation.TestInputValidation" name="test_negative_quantity_handling" time="0.005" /><testcase classname="tests.test_security_and_validation.TestInputValidation" name="test_zero_quantity_handling" time="0.008" /><testcase classname="tests.test_security_and_validation.TestInputValidation" name="test_extremely_large_quantity" time="0.003" /><testcase classname="tests.test_security_and_validation.TestInputValidation" name="test_non_integer_quantity_string" time="0.001" /><testcase classname="tests.test_security_and_validation.TestInputValidation" name="test_missing_quantity_parameter" time="0.002" /><testcase classname="tests.test_security_and_validation.TestInputValidation" name="test_email_without_at_symbol" time="0.002" /><testcase classname="tests.test_security_and_validation.TestInputValidation" name="test_empty_email_registration" time="0.001" /><testcase classname="tests.test_security_and_validation.TestInputValidation" name="test_empty_password_registration" time="0.001" /><testcase classname="tests.test_security_and_validation.TestInputValidation" name="test_sql_injection_attempt_in_email" time="0.002" /><testcase classname="tests.test_security_and_validation.TestInputValidation" name="test_xss_attempt_in_name" time="0.002" /><testcase classname="tests.test_security_and_validation.TestInputValidation" name="test_very_long_input_strings" time="0.002" /><testcase classname="tests.test_security_and_validation.TestInputValidation" name="test_special_characters_in_address" time="0.002" /><testcase classname="tests.test_security_and_validation.TestAuthenticationSecurity" name="test_login_with_wrong_password" time="0.002" /><testcase classname="tests.test_security_and_validation.TestAuthenticationSecurity" name="test_login_with_nonexistent_user" time="0.001" /><testcase classname="tests.test_security_and_validation.TestAuthenticationSecurity" name="test_access_protected_route_without_login" time="0.001" /><testcase classname="tests.test_security_and_validation.TestAuthenticationSecurity" name="test_update_profile_without_login" time="0.001" /><testcase classname="tests.test_security_and_validation.TestAuthenticationSecurity" name="test_case_sensitivity_in_email_login" time="0.002" /><testcase classname="tests.test_security_and_validation.TestAuthenticationSecurity" name="test_session_persistence_across_requests" time="0.003" /><testcase classname="tests.test_security_and_validation.TestAuthenticationSecurity" name="test_logout_functionality" time="0.005" /><testcase classname="tests.test_security_and_validation.TestPaymentSecurity" name="test_payment_with_invalid_card_format" time="0.106" /><testcase classname="tests.test_security_and_validation.TestPaymentSecurity" name="test_payment_gateway_failure_handling" time="0.009" /><testcase classname="tests.test_security_and_validation.TestPaymentSecurity" name="test_missing_payment_method" time="0.009" /><testcase classname="tests.test_security_and_validation.TestBusinessLogicSecurity" name="test_negative_price_manipulation_attempt" time="0.006" /><testcase classname="tests.test_security_and_validation.TestBusinessLogicSecurity" name="test_discount_code_stacking_prevention" time="0.106" /><testcase classname="tests.test_security_and_validation.TestBusinessLogicSecurity" name="test_order_placement_without_items" time="0.008" /><testcase classname="tests.test_security_and_validation.TestBusinessLogicSecurity" name="test_duplicate_registration_prevention" time="0.009" /></testsuite></testsuites>